Release 13.4 - xst O.87xd (lin)
Copyright (c) 1995-2011 Xilinx, Inc.  All rights reserved.
--> 
Parameter TMPDIR set to xst/projnav.tmp


Total REAL time to Xst completion: 0.00 secs
Total CPU time to Xst completion: 0.09 secs
 
--> 
Parameter xsthdpdir set to xst


Total REAL time to Xst completion: 0.00 secs
Total CPU time to Xst completion: 0.10 secs
 
--> 
Reading design: ALU.prj

TABLE OF CONTENTS
  1) Synthesis Options Summary
  2) HDL Compilation
  3) Design Hierarchy Analysis
  4) HDL Analysis
  5) HDL Synthesis
     5.1) HDL Synthesis Report
  6) Advanced HDL Synthesis
     6.1) Advanced HDL Synthesis Report
  7) Low Level Synthesis
  8) Partition Report
  9) Final Report
	9.1) Device utilization summary
	9.2) Partition Resource Summary
	9.3) TIMING REPORT


=========================================================================
*                      Synthesis Options Summary                        *
=========================================================================
---- Source Parameters
Input File Name                    : "ALU.prj"
Input Format                       : mixed
Ignore Synthesis Constraint File   : NO

---- Target Parameters
Output File Name                   : "ALU"
Output Format                      : NGC
Target Device                      : xc3s50a-4-tq144

---- Source Options
Top Module Name                    : ALU
Automatic FSM Extraction           : YES
FSM Encoding Algorithm             : Auto
Safe Implementation                : No
FSM Style                          : LUT
RAM Extraction                     : Yes
RAM Style                          : Auto
ROM Extraction                     : Yes
Mux Style                          : Auto
Decoder Extraction                 : YES
Priority Encoder Extraction        : Yes
Shift Register Extraction          : YES
Logical Shifter Extraction         : YES
XOR Collapsing                     : YES
ROM Style                          : Auto
Mux Extraction                     : Yes
Resource Sharing                   : YES
Asynchronous To Synchronous        : NO
Multiplier Style                   : Auto
Automatic Register Balancing       : No

---- Target Options
Add IO Buffers                     : YES
Global Maximum Fanout              : 100000
Add Generic Clock Buffer(BUFG)     : 24
Register Duplication               : YES
Slice Packing                      : YES
Optimize Instantiated Primitives   : NO
Use Clock Enable                   : Yes
Use Synchronous Set                : Yes
Use Synchronous Reset              : Yes
Pack IO Registers into IOBs        : Auto
Equivalent register Removal        : YES

---- General Options
Optimization Goal                  : Speed
Optimization Effort                : 1
Keep Hierarchy                     : No
Netlist Hierarchy                  : As_Optimized
RTL Output                         : Yes
Global Optimization                : AllClockNets
Read Cores                         : YES
Write Timing Constraints           : NO
Cross Clock Analysis               : NO
Hierarchy Separator                : /
Bus Delimiter                      : <>
Case Specifier                     : Maintain
Slice Utilization Ratio            : 100
BRAM Utilization Ratio             : 100
Verilog 2001                       : YES
Auto BRAM Packing                  : NO
Slice Utilization Ratio Delta      : 5

=========================================================================


=========================================================================
*                          HDL Compilation                              *
=========================================================================
Compiling verilog file "ALU.v" in library work
Module <ALU> compiled
No errors in compilation
Analysis of file <"ALU.prj"> succeeded.
 

=========================================================================
*                     Design Hierarchy Analysis                         *
=========================================================================
Analyzing hierarchy for module <ALU> in library <work> with parameters.
	ADD = "001000"
	AND = "001100"
	BEQZ = "000000"
	OR = "001101"
	SEQ = "011000"
	SLE = "011100"
	SLL = "010100"
	SLT = "011010"
	SNE = "011001"
	SRA = "010111"
	SRL = "010110"
	SUB = "001010"
	XOR = "001110"


=========================================================================
*                            HDL Analysis                               *
=========================================================================
Analyzing top module <ALU>.
	ADD = 6'b001000
	AND = 6'b001100
	BEQZ = 6'b000000
	OR = 6'b001101
	SEQ = 6'b011000
	SLE = 6'b011100
	SLL = 6'b010100
	SLT = 6'b011010
	SNE = 6'b011001
	SRA = 6'b010111
	SRL = 6'b010110
	SUB = 6'b001010
	XOR = 6'b001110
Module <ALU> is correct for synthesis.
 

=========================================================================
*                           HDL Synthesis                               *
=========================================================================

Performing bidirectional port resolution...

Synthesizing Unit <ALU>.
    Related source file is "ALU.v".
    Found 32-bit addsub for signal <out$addsub0000>.
    Found 32-bit comparator equal for signal <out$cmp_eq0006> created at line 53.
    Found 32-bit comparator lessequal for signal <out$cmp_le0000> created at line 54.
    Found 32-bit comparator less for signal <out$cmp_lt0000> created at line 56.
    Found 32-bit comparator not equal for signal <out$cmp_ne0000> created at line 57.
    Found 32-bit shifter logical left for signal <out$shift0000> created at line 55.
    Found 32-bit shifter logical right for signal <out$shift0001> created at line 58.
    Found 32-bit xor2 for signal <out$xor0000> created at line 61.
    Summary:
	inferred   1 Adder/Subtractor(s).
	inferred   4 Comparator(s).
	inferred   2 Combinational logic shifter(s).
Unit <ALU> synthesized.

INFO:Xst:1767 - HDL ADVISOR - Resource sharing has identified that some arithmetic operations in this design can share the same physical resources for reduced device utilization. For improved clock frequency you may try to disable resource sharing.

=========================================================================
HDL Synthesis Report

Macro Statistics
# Adders/Subtractors                                   : 1
 32-bit addsub                                         : 1
# Comparators                                          : 4
 32-bit comparator equal                               : 1
 32-bit comparator less                                : 1
 32-bit comparator lessequal                           : 1
 32-bit comparator not equal                           : 1
# Logic shifters                                       : 2
 32-bit shifter logical left                           : 1
 32-bit shifter logical right                          : 1
# Xors                                                 : 1
 32-bit xor2                                           : 1

=========================================================================

=========================================================================
*                       Advanced HDL Synthesis                          *
=========================================================================


=========================================================================
Advanced HDL Synthesis Report

Macro Statistics
# Adders/Subtractors                                   : 1
 32-bit addsub                                         : 1
# Comparators                                          : 4
 32-bit comparator equal                               : 1
 32-bit comparator less                                : 1
 32-bit comparator lessequal                           : 1
 32-bit comparator not equal                           : 1
# Logic shifters                                       : 2
 32-bit shifter logical left                           : 1
 32-bit shifter logical right                          : 1
# Xors                                                 : 1
 32-bit xor2                                           : 1

=========================================================================

=========================================================================
*                         Low Level Synthesis                           *
=========================================================================

Optimizing unit <ALU> ...

Mapping all equations...
Building and optimizing final netlist ...
Found area constraint ratio of 100 (+ 5) on block ALU, actual ratio is 40.

Final Macro Processing ...

=========================================================================
Final Register Report

Found no macro
=========================================================================

=========================================================================
*                           Partition Report                            *
=========================================================================

Partition Implementation Status
-------------------------------

  No Partitions were found in this design.

-------------------------------

=========================================================================
*                            Final Report                               *
=========================================================================
Final Results
RTL Top Level Output File Name     : ALU.ngr
Top Level Output File Name         : ALU
Output Format                      : NGC
Optimization Goal                  : Speed
Keep Hierarchy                     : No

Design Statistics
# IOs                              : 103

Cell Usage :
# BELS                             : 687
#      GND                         : 1
#      LUT2                        : 77
#      LUT3                        : 176
#      LUT4                        : 242
#      MUXCY                       : 119
#      MUXF5                       : 39
#      VCC                         : 1
#      XORCY                       : 32
# IO Buffers                       : 103
#      IBUF                        : 70
#      OBUF                        : 33
=========================================================================

Device utilization summary:
---------------------------

Selected Device : 3s50atq144-4 

 Number of Slices:                      270  out of    704    38%  
 Number of 4 input LUTs:                495  out of   1408    35%  
 Number of IOs:                         103
 Number of bonded IOBs:                 103  out of    108    95%  

---------------------------
Partition Resource Summary:
---------------------------

  No Partitions were found in this design.

---------------------------


=========================================================================
TIMING REPORT

NOTE: THESE TIMING NUMBERS ARE ONLY A SYNTHESIS ESTIMATE.
      FOR ACCURATE TIMING INFORMATION PLEASE REFER TO THE TRACE REPORT
      GENERATED AFTER PLACE-and-ROUTE.

Clock Information:
------------------
No clock signals found in this design

Asynchronous Control Signals Information:
----------------------------------------
No asynchronous control signals found in this design

Timing Summary:
---------------
Speed Grade: -4

   Minimum period: No path found
   Minimum input arrival time before clock: No path found
   Maximum output required time after clock: No path found
   Maximum combinational path delay: 18.396ns

Timing Detail:
--------------
All values displayed in nanoseconds (ns)

=========================================================================
Timing constraint: Default path analysis
  Total number of paths / destination ports: 16232 / 33
-------------------------------------------------------------------------
Delay:               18.396ns (Levels of Logic = 41)
  Source:            ALUOp<1> (PAD)
  Destination:       zero (PAD)

  Data Path: ALUOp<1> to zero
                                Gate     Net
    Cell:in->out      fanout   Delay   Delay  Logical Name (Net Name)
    ----------------------------------------  ------------
     IBUF:I->O            49   0.849   1.348  ALUOp_1_IBUF (ALUOp_1_IBUF)
     LUT3:I1->O            1   0.643   0.423  out_mux0000_SW0 (N229)
     LUT4:I3->O           33   0.648   1.295  out_mux0000 (out_mux0000)
     LUT3:I2->O            1   0.648   0.000  Maddsub_out_addsub0000_lut<0> (Maddsub_out_addsub0000_lut<0>)
     MUXCY:S->O            1   0.632   0.000  Maddsub_out_addsub0000_cy<0> (Maddsub_out_addsub0000_cy<0>)
     MUXCY:CI->O           1   0.065   0.000  Maddsub_out_addsub0000_cy<1> (Maddsub_out_addsub0000_cy<1>)
     MUXCY:CI->O           1   0.065   0.000  Maddsub_out_addsub0000_cy<2> (Maddsub_out_addsub0000_cy<2>)
     MUXCY:CI->O           1   0.065   0.000  Maddsub_out_addsub0000_cy<3> (Maddsub_out_addsub0000_cy<3>)
     MUXCY:CI->O           1   0.065   0.000  Maddsub_out_addsub0000_cy<4> (Maddsub_out_addsub0000_cy<4>)
     MUXCY:CI->O           1   0.065   0.000  Maddsub_out_addsub0000_cy<5> (Maddsub_out_addsub0000_cy<5>)
     MUXCY:CI->O           1   0.065   0.000  Maddsub_out_addsub0000_cy<6> (Maddsub_out_addsub0000_cy<6>)
     MUXCY:CI->O           1   0.065   0.000  Maddsub_out_addsub0000_cy<7> (Maddsub_out_addsub0000_cy<7>)
     MUXCY:CI->O           1   0.065   0.000  Maddsub_out_addsub0000_cy<8> (Maddsub_out_addsub0000_cy<8>)
     MUXCY:CI->O           1   0.065   0.000  Maddsub_out_addsub0000_cy<9> (Maddsub_out_addsub0000_cy<9>)
     MUXCY:CI->O           1   0.065   0.000  Maddsub_out_addsub0000_cy<10> (Maddsub_out_addsub0000_cy<10>)
     MUXCY:CI->O           1   0.065   0.000  Maddsub_out_addsub0000_cy<11> (Maddsub_out_addsub0000_cy<11>)
     MUXCY:CI->O           1   0.065   0.000  Maddsub_out_addsub0000_cy<12> (Maddsub_out_addsub0000_cy<12>)
     MUXCY:CI->O           1   0.065   0.000  Maddsub_out_addsub0000_cy<13> (Maddsub_out_addsub0000_cy<13>)
     MUXCY:CI->O           1   0.065   0.000  Maddsub_out_addsub0000_cy<14> (Maddsub_out_addsub0000_cy<14>)
     MUXCY:CI->O           1   0.065   0.000  Maddsub_out_addsub0000_cy<15> (Maddsub_out_addsub0000_cy<15>)
     MUXCY:CI->O           1   0.065   0.000  Maddsub_out_addsub0000_cy<16> (Maddsub_out_addsub0000_cy<16>)
     MUXCY:CI->O           1   0.065   0.000  Maddsub_out_addsub0000_cy<17> (Maddsub_out_addsub0000_cy<17>)
     MUXCY:CI->O           1   0.065   0.000  Maddsub_out_addsub0000_cy<18> (Maddsub_out_addsub0000_cy<18>)
     MUXCY:CI->O           1   0.065   0.000  Maddsub_out_addsub0000_cy<19> (Maddsub_out_addsub0000_cy<19>)
     MUXCY:CI->O           1   0.065   0.000  Maddsub_out_addsub0000_cy<20> (Maddsub_out_addsub0000_cy<20>)
     MUXCY:CI->O           1   0.065   0.000  Maddsub_out_addsub0000_cy<21> (Maddsub_out_addsub0000_cy<21>)
     MUXCY:CI->O           1   0.065   0.000  Maddsub_out_addsub0000_cy<22> (Maddsub_out_addsub0000_cy<22>)
     MUXCY:CI->O           1   0.065   0.000  Maddsub_out_addsub0000_cy<23> (Maddsub_out_addsub0000_cy<23>)
     MUXCY:CI->O           1   0.065   0.000  Maddsub_out_addsub0000_cy<24> (Maddsub_out_addsub0000_cy<24>)
     MUXCY:CI->O           1   0.065   0.000  Maddsub_out_addsub0000_cy<25> (Maddsub_out_addsub0000_cy<25>)
     MUXCY:CI->O           1   0.065   0.000  Maddsub_out_addsub0000_cy<26> (Maddsub_out_addsub0000_cy<26>)
     MUXCY:CI->O           1   0.065   0.000  Maddsub_out_addsub0000_cy<27> (Maddsub_out_addsub0000_cy<27>)
     MUXCY:CI->O           1   0.065   0.000  Maddsub_out_addsub0000_cy<28> (Maddsub_out_addsub0000_cy<28>)
     MUXCY:CI->O           1   0.065   0.000  Maddsub_out_addsub0000_cy<29> (Maddsub_out_addsub0000_cy<29>)
     XORCY:CI->O           1   0.844   0.423  Maddsub_out_addsub0000_xor<30> (out_addsub0000<30>)
     LUT4:I3->O            1   0.648   0.500  out<30>197 (out<30>197)
     LUT4:I1->O            2   0.643   0.479  out<30>239 (out_30_OBUF)
     LUT4:I2->O            1   0.648   0.000  zero_wg_lut<6> (zero_wg_lut<6>)
     MUXCY:S->O            1   0.632   0.000  zero_wg_cy<6> (zero_wg_cy<6>)
     MUXCY:CI->O           1   0.269   0.420  zero_wg_cy<7> (zero_OBUF)
     OBUF:I->O                 4.520          zero_OBUF (zero)
    ----------------------------------------
    Total                     18.396ns (13.509ns logic, 4.887ns route)
                                       (73.4% logic, 26.6% route)

=========================================================================


Total REAL time to Xst completion: 12.00 secs
Total CPU time to Xst completion: 10.95 secs
 
--> 


Total memory usage is 173296 kilobytes

Number of errors   :    0 (   0 filtered)
Number of warnings :    0 (   0 filtered)
Number of infos    :    1 (   0 filtered)

